// Jest Snapshot v1, https://goo.gl/fbAQLP

exports[`<DocumentDoctype /> render correctly DocumentDoctype component 1`] = `
<div
  style={
    Object {
      "display": "inline-block",
      "position": "relative",
      "transform": "scale(1)",
    }
  }
>
  <button
    className="slds-button slds-button_icon"
    disabled={false}
    id={null}
    onClick={[Function]}
    type="button"
  >
    <svg
      aria-hidden="true"
      className="slds-button__icon slds-button__icon_large"
    >
      <use />
    </svg>
  </button>
  <div
    style={
      Object {
        "bottom": "-9px",
        "color": "#fff",
        "fontSize": "7px",
        "fontWeight": 400,
        "position": "absolute",
        "right": "3px",
        "textTransform": "uppercase",
      }
    }
  />
</div>
`;
